[INFO ] 07-sensorless-foc: boot HCLK=96000000Hz PCLK=96000000Hz RTT=nonblocking
[INFO ] Flash wait=3 prefetch=false->true cache=false->true (readback verified)
[INFO ] BGR factory @0x001007D2 u16 mV: before_accel=1192 after_accel=17969 selected=before_accel
[INFO ] PWM=4000Hz ADC1=48000000Hz ADC2=12000000Hz; bench auto-start once at 3s, stop at 11s; PA3 cancels pending auto-start
[INFO ] Battery=3S cell_uv=3300mV bus_uv=9900mV bus_ov=16000mV (configured, no auto-detect)
[ERROR] 07 fault=9 state=7 frame=32820 armed=false bus=11887mV vdda=4847mV offset=2135 raw=[2137, 2157]; PWM/ADC triggers stopped
[ERROR] HANDOFF state_before=4 age=20000 reject=0 good=35/1000 best=74 forced=18000mHz pll=16024mHz angle_forced=103 observer=58429 delta=-7210 pll_error=1060; angle units=65536/turn
[ERROR] HANDOFF_HISTORY plateau_frames=10000 reject_counts_bits1_to128=[0, 127, 30, 0, 0, 0, 200, 0] last_reject=66 age=19965 delta=-3929 pll_error=-670; counts overlap, OpenLoop only
[ERROR] HANDOFF_COHERENCE plateau_delta_min_max=[-8254, 231] mean=-3520 pll_peak=2326 over10deg=262 window_delta=[-7669, -4045] pll_mean_square=736000 last_window_frames=32 delta=[-3929, -218] pll_mean_square=969216 outliers=0; angle units65536/turn, mean_square units angle_squared
[ERROR] OBSERVER raw_unclamped_ab=[459, 753] filtered_ab=[526, 663] magnitude=844mV min=500mV; phase=[260, -117, -143]mA previous_dq=[247, 14] previous_target=[250, 0]mA previous_vdq=[1474, 627]mV vlimit=2357mV
[ERROR] HANDOFF reject bits: 1=no_track 2=low_emf 4=pll_peak_rms_burst_count 8=reverse_or_zero 16=overspeed 32=below_handoff_speed 64=load_angle_spread_entry 128=speed_mismatch; applies at OpenLoop timeout, previous_dq/target/vdq are last completed control, not applied PWM
[ERROR] ADC sample=0 reason=0 entry=0 read=0 raw=0 expected=0..=0 trigger=[0, 0] received=[3121, 4843] previous_end=7426 max_first=281 ticks
[ERROR] ADC reason: 0=other 1=reload_pending 2=extra_sample 3=early 4=late; 96 ticks/us
[ERROR] TIMING site=0 start=0 observed=0 limit=0 reload=false samples=0 state_before=4 armed_before=true max_update=419 max_control=12000 ticks elapsed_min=0 stage=3
[ERROR] CONTROL stages supply/reconstruct/interval/control/modulate: last=[767, 915, 901, 0, 0] max=[1448, 1235, 925, 7142, 3149] ticks; max excludes wrapping/late stage; elapsed_min is a lower bound when reload=true
[ERROR] TIMING site: 0=none 1=reload_entry 2=preload_end 3=arm_end 4=control_checkpoint 5=control_dt (12000..=36000); 96 ticks/us
[ERROR] REPLAY_BEGIN version=4 model=8d63c23d42207a11cc3a07ec691be1d048d351ca05fe1f33bfe909c75dd8aaa6 phase=OpenLoop observer_updates=80 age_stage=post_control start_age=10001 seed_age=10000 nominal_start_us=2500250 records=80 complete=true period_frames=1 nominal_period_us=250; fixed plateau observer replay, not final fault frames
[ERROR] REPLAY_MOTOR previous_duty=[8027, 4694, 2400] previous_bus=11899 offset=2135; duties active, vdda before ADC2 update, bus after update
[ERROR] REPLAY_STATE_A end=0 previous_current=[308, 30] emf_q8=[110166, 193846] raw_emf=[305, 859]
[ERROR] REPLAY_STATE_B end=0 phase=3871296982 speed=18133751 magnitude=868 error=1278 open_phase=7094559 corrected=59895 tracking=1
[ERROR] REPLAY_ROW n=0 age=10001 raw=[2138, 2161] duty=[7990, 4796, 2400] vdda=4852 bus=11912 forced=404 observed=60363 pll=1182 first_ma=-188
[ERROR] REPLAY_ROW n=1 age=10002 raw=[2138, 2162] duty=[7927, 4925, 2400] vdda=4852 bus=11912 forced=700 observed=60842 pll=1237 first_ma=-197
[ERROR] REPLAY_ROW n=2 age=10003 raw=[2137, 2164] duty=[7865, 5033, 2400] vdda=4852 bus=11912 forced=997 observed=61393 pll=1673 first_ma=-194
[ERROR] REPLAY_ROW n=3 age=10004 raw=[2139, 2165] duty=[7790, 5149, 2400] vdda=4852 bus=11912 forced=1293 observed=61944 pll=1661 first_ma=-224
[ERROR] REPLAY_ROW n=4 age=10005 raw=[2140, 2166] duty=[7706, 5307, 2400] vdda=4852 bus=11900 forced=1590 observed=62503 pll=1687 first_ma=-247
[ERROR] REPLAY_ROW n=5 age=10006 raw=[2139, 2168] duty=[7583, 5392, 2400] vdda=4847 bus=11900 forced=1886 observed=63117 pll=2024 first_ma=-243
[ERROR] REPLAY_ROW n=6 age=10007 raw=[2139, 2168] duty=[7443, 5475, 2400] vdda=4847 bus=11900 forced=2182 observed=63721 pll=1936 first_ma=-248
[ERROR] REPLAY_ROW n=7 age=10008 raw=[2139, 2168] duty=[7298, 5608, 2400] vdda=4847 bus=11900 forced=2478 observed=64301 pll=1767 first_ma=-258
[ERROR] REPLAY_ROW n=8 age=10009 raw=[2140, 2168] duty=[7153, 5717, 2400] vdda=4847 bus=11900 forced=2775 observed=64850 pll=1560 first_ma=-277
[ERROR] REPLAY_ROW n=9 age=10010 raw=[2139, 2169] duty=[6996, 5802, 2400] vdda=4847 bus=11900 forced=3070 observed=65403 pll=1569 first_ma=-273
[ERROR] REPLAY_ROW n=10 age=10011 raw=[2140, 2170] duty=[6817, 5857, 2400] vdda=4847 bus=11900 forced=3366 observed=428 pll=1615 first_ma=-287
[ERROR] REPLAY_ROW n=11 age=10012 raw=[2140, 2171] duty=[6916, 5956, 2400] vdda=4847 bus=11900 forced=3662 observed=997 pll=1635 first_ma=-295
[ERROR] REPLAY_ROW n=12 age=10013 raw=[2140, 2172] duty=[6991, 6031, 2400] vdda=4847 bus=11900 forced=3958 observed=1545 pll=1497 first_ma=-301
[ERROR] REPLAY_ROW n=13 age=10014 raw=[2140, 2132] duty=[5380, 6340, 2400] vdda=4847 bus=11900 forced=4245 observed=1879 pll=225 first_ma=-254
[ERROR] REPLAY_ROW n=14 age=10015 raw=[2140, 2168] duty=[6896, 5936, 2400] vdda=4847 bus=11900 forced=4547 observed=2361 pll=998 first_ma=-294
[ERROR] REPLAY_ROW n=15 age=10016 raw=[2141, 2132] duty=[5077, 6187, 2400] vdda=4847 bus=11900 forced=4831 observed=2659 pll=28 first_ma=-243
[ERROR] REPLAY_ROW n=16 age=10017 raw=[2140, 2136] duty=[5694, 6654, 2400] vdda=4847 bus=11913 forced=5134 observed=2983 pll=-6 first_ma=-278
[ERROR] REPLAY_ROW n=17 age=10018 raw=[2141, 2137] duty=[5668, 6628, 2400] vdda=4847 bus=11913 forced=5428 observed=3272 pll=-120 first_ma=-288
[ERROR] REPLAY_ROW n=18 age=10019 raw=[2142, 2169] duty=[6471, 5511, 2400] vdda=4847 bus=11913 forced=5721 observed=3715 pll=842 first_ma=-287
[ERROR] REPLAY_ROW n=19 age=10020 raw=[2142, 2131] duty=[4459, 6229, 2400] vdda=4847 bus=11913 forced=6003 observed=3956 pll=-332 first_ma=-208
[ERROR] REPLAY_ROW n=20 age=10021 raw=[2141, 2136] duty=[5085, 6374, 2400] vdda=4847 bus=11900 forced=6306 observed=4236 pll=-295 first_ma=-246
[ERROR] REPLAY_ROW n=21 age=10022 raw=[2141, 2137] duty=[5117, 6457, 2400] vdda=4847 bus=11900 forced=6601 observed=4458 pll=-539 first_ma=-250
[ERROR] REPLAY_ROW n=22 age=10023 raw=[2142, 2137] duty=[4991, 6427, 2400] vdda=4847 bus=11900 forced=6894 observed=4672 pll=-583 first_ma=-250
[ERROR] REPLAY_ROW n=23 age=10024 raw=[2143, 2137] duty=[4880, 6435, 2400] vdda=4847 bus=11900 forced=7188 observed=4903 pll=-481 first_ma=-253
[ERROR] REPLAY_ROW n=24 age=10025 raw=[2144, 2138] duty=[4760, 6450, 2400] vdda=4847 bus=11900 forced=7481 observed=5138 pll=-445 first_ma=-256
[ERROR] REPLAY_ROW n=25 age=10026 raw=[2144, 2138] duty=[4634, 6463, 2400] vdda=4847 bus=11900 forced=7775 observed=5370 pll=-465 first_ma=-247
[ERROR] REPLAY_ROW n=26 age=10027 raw=[2144, 2138] duty=[4513, 6463, 2400] vdda=4847 bus=11900 forced=8068 observed=5596 pll=-495 first_ma=-238
[ERROR] REPLAY_ROW n=27 age=10028 raw=[2144, 2138] duty=[4406, 6485, 2400] vdda=4847 bus=11900 forced=8362 observed=5821 pll=-500 first_ma=-231
[ERROR] REPLAY_ROW n=28 age=10029 raw=[2144, 2138] duty=[4300, 6507, 2400] vdda=4847 bus=11913 forced=8655 observed=6039 pll=-535 first_ma=-223
[ERROR] REPLAY_ROW n=29 age=10030 raw=[2145, 2139] duty=[4203, 6537, 2400] vdda=4847 bus=11913 forced=8949 observed=6266 pll=-477 first_ma=-227
[ERROR] REPLAY_ROW n=30 age=10031 raw=[2146, 2140] duty=[4103, 6566, 2400] vdda=4847 bus=11913 forced=9243 observed=6506 pll=-391 first_ma=-231
[ERROR] REPLAY_ROW n=31 age=10032 raw=[2146, 2140] duty=[3997, 6579, 2400] vdda=4847 bus=11913 forced=9536 observed=6744 pll=-401 first_ma=-223
[ERROR] REPLAY_ROW n=32 age=10033 raw=[2147, 2140] duty=[3889, 6579, 2400] vdda=4847 bus=11900 forced=9830 observed=7016 pll=-181 first_ma=-226
[ERROR] REPLAY_ROW n=33 age=10034 raw=[2147, 2140] duty=[3792, 6603, 2400] vdda=4847 bus=11900 forced=10124 observed=7289 pll=-180 first_ma=-218
[ERROR] REPLAY_ROW n=34 age=10035 raw=[2147, 2140] duty=[3677, 6622, 2400] vdda=4847 bus=11900 forced=10417 observed=7553 pll=-224 first_ma=-209
[ERROR] REPLAY_ROW n=35 age=10036 raw=[2149, 2141] duty=[3574, 6647, 2400] vdda=4847 bus=11900 forced=10711 observed=7873 pll=117 first_ma=-223
[ERROR] REPLAY_ROW n=36 age=10037 raw=[2148, 2141] duty=[3479, 6674, 2400] vdda=4847 bus=11925 forced=11005 observed=8157 pll=-108 first_ma=-205
[ERROR] REPLAY_ROW n=37 age=10038 raw=[2148, 2141] duty=[3360, 6681, 2400] vdda=4852 bus=11925 forced=11298 observed=8426 pll=-195 first_ma=-196
[ERROR] REPLAY_ROW n=38 age=10039 raw=[2149, 2140] duty=[3360, 6793, 2400] vdda=4852 bus=11925 forced=11593 observed=8737 pll=56 first_ma=-207
[ERROR] REPLAY_ROW n=39 age=10040 raw=[2149, 2141] duty=[3360, 6913, 2400] vdda=4852 bus=11925 forced=11888 observed=9025 pll=-89 first_ma=-207
[ERROR] REPLAY_ROW n=40 age=10041 raw=[2150, 2142] duty=[3360, 7076, 2400] vdda=4852 bus=11900 forced=12183 observed=9313 pll=-87 first_ma=-219
[ERROR] REPLAY_ROW n=41 age=10042 raw=[2131, 2139] duty=[2400, 7055, 3360] vdda=4847 bus=11900 forced=12478 observed=9476 pll=-858 first_ma=1
[ERROR] REPLAY_ROW n=42 age=10043 raw=[2147, 2145] duty=[3559, 6744, 2400] vdda=4847 bus=11900 forced=12775 observed=9720 pll=-369 first_ma=-201
[ERROR] REPLAY_ROW n=43 age=10044 raw=[2150, 2144] duty=[3360, 7388, 2400] vdda=4847 bus=11900 forced=13067 observed=9960 pll=-346 first_ma=-219
[ERROR] REPLAY_ROW n=44 age=10045 raw=[2131, 2141] duty=[2400, 7359, 3360] vdda=4847 bus=11887 forced=13362 observed=10115 pll=-903 first_ma=1
[ERROR] REPLAY_ROW n=45 age=10046 raw=[2150, 2147] duty=[3360, 6837, 2400] vdda=4847 bus=11887 forced=13657 observed=10385 pll=-176 first_ma=-219
[ERROR] REPLAY_ROW n=46 age=10047 raw=[2152, 2146] duty=[3360, 7710, 2400] vdda=4847 bus=11887 forced=13952 observed=10660 pll=-136 first_ma=-243
[ERROR] REPLAY_ROW n=47 age=10048 raw=[2131, 2144] duty=[2400, 7060, 3360] vdda=4847 bus=11887 forced=14247 observed=10847 pll=-689 first_ma=1
[ERROR] REPLAY_ROW n=48 age=10049 raw=[2134, 2142] duty=[2400, 7743, 3360] vdda=4847 bus=11900 forced=14542 observed=10995 pll=-922 first_ma=-32
[ERROR] REPLAY_ROW n=49 age=10050 raw=[2151, 2151] duty=[3360, 7092, 2400] vdda=4847 bus=11900 forced=14837 observed=11256 pll=-211 first_ma=-231
[ERROR] REPLAY_ROW n=50 age=10051 raw=[2131, 2144] duty=[2400, 7799, 3360] vdda=4847 bus=11900 forced=15132 observed=11458 pll=-575 first_ma=2
[ERROR] REPLAY_ROW n=51 age=10052 raw=[2152, 2151] duty=[3360, 7503, 2400] vdda=4847 bus=11900 forced=15427 observed=11707 pll=-275 first_ma=-243
[ERROR] REPLAY_ROW n=52 age=10053 raw=[2131, 2145] duty=[2400, 7330, 3514] vdda=4847 bus=11887 forced=15724 observed=11865 pll=-862 first_ma=-10
[ERROR] REPLAY_ROW n=53 age=10054 raw=[2134, 2145] duty=[2400, 7681, 3360] vdda=4847 bus=11887 forced=16017 observed=12027 pll=-786 first_ma=-32
[ERROR] REPLAY_ROW n=54 age=10055 raw=[2136, 2147] duty=[2400, 7815, 3360] vdda=4847 bus=11887 forced=16312 observed=12200 pll=-736 first_ma=-53
[ERROR] REPLAY_ROW n=55 age=10056 raw=[2136, 2149] duty=[2400, 7857, 3360] vdda=4847 bus=11887 forced=16606 observed=12419 pll=-438 first_ma=-53
[ERROR] REPLAY_ROW n=56 age=10057 raw=[2154, 2154] duty=[3360, 7777, 2400] vdda=4847 bus=11887 forced=16901 observed=12712 pll=22 first_ma=-267
[ERROR] REPLAY_ROW n=57 age=10058 raw=[2132, 2152] duty=[2400, 7697, 4136] vdda=4847 bus=11887 forced=17206 observed=12954 pll=-367 first_ma=-73
[ERROR] REPLAY_ROW n=58 age=10059 raw=[2136, 2151] duty=[2400, 7804, 3609] vdda=4847 bus=11887 forced=17494 observed=13223 pll=-46 first_ma=-73
[ERROR] REPLAY_ROW n=59 age=10060 raw=[2136, 2152] duty=[2400, 7798, 3567] vdda=4847 bus=11887 forced=17789 observed=13540 pll=164 first_ma=-70
[ERROR] REPLAY_ROW n=60 age=10061 raw=[2136, 2153] duty=[2400, 7849, 3650] vdda=4847 bus=11900 forced=18085 observed=13874 pll=275 first_ma=-76
[ERROR] REPLAY_ROW n=61 age=10062 raw=[2136, 2155] duty=[2400, 7895, 3767] vdda=4847 bus=11900 forced=18381 observed=14255 pll=561 first_ma=-86
[ERROR] REPLAY_ROW n=62 age=10063 raw=[2137, 2156] duty=[2400, 7917, 3882] vdda=4847 bus=11900 forced=18677 observed=14640 pll=582 first_ma=-106
[ERROR] REPLAY_ROW n=63 age=10064 raw=[2137, 2158] duty=[2400, 7923, 4003] vdda=4847 bus=11900 forced=18974 observed=15085 pll=949 first_ma=-116
[ERROR] REPLAY_ROW n=64 age=10065 raw=[2137, 2159] duty=[2400, 7917, 4101] vdda=4847 bus=11912 forced=19270 observed=15561 pll=1138 first_ma=-123
[ERROR] REPLAY_ROW n=65 age=10066 raw=[2137, 2159] duty=[2400, 7885, 4217] vdda=4852 bus=11912 forced=19566 observed=16021 pll=1026 first_ma=-132
[ERROR] REPLAY_ROW n=66 age=10067 raw=[2139, 2161] duty=[2400, 7851, 4335] vdda=4852 bus=11912 forced=19862 observed=16499 pll=1121 first_ma=-164
[ERROR] REPLAY_ROW n=67 age=10068 raw=[2139, 2161] duty=[2400, 7825, 4439] vdda=4852 bus=11912 forced=20159 observed=16960 pll=1014 first_ma=-172
[ERROR] REPLAY_ROW n=68 age=10069 raw=[2139, 2162] duty=[2400, 7746, 4518] vdda=4852 bus=11887 forced=20455 observed=17438 pll=1110 first_ma=-178
[ERROR] REPLAY_ROW n=69 age=10070 raw=[2140, 2163] duty=[2400, 7680, 4596] vdda=4847 bus=11887 forced=20750 observed=17929 pll=1179 first_ma=-195
[ERROR] REPLAY_ROW n=70 age=10071 raw=[2140, 2163] duty=[2400, 7616, 4700] vdda=4847 bus=11887 forced=21047 observed=18406 pll=1074 first_ma=-204
[ERROR] REPLAY_ROW n=71 age=10072 raw=[2140, 2164] duty=[2400, 7521, 4770] vdda=4847 bus=11887 forced=21342 observed=18903 pll=1195 first_ma=-209
[ERROR] REPLAY_ROW n=72 age=10073 raw=[2139, 2165] duty=[2400, 7430, 4843] vdda=4847 bus=11887 forced=21638 observed=19435 pll=1401 first_ma=-204
[ERROR] REPLAY_ROW n=73 age=10074 raw=[2140, 2166] duty=[2400, 7321, 4921] vdda=4847 bus=11887 forced=21934 observed=19983 pll=1491 first_ma=-220
[ERROR] REPLAY_ROW n=74 age=10075 raw=[2140, 2166] duty=[2400, 7218, 5030] vdda=4847 bus=11887 forced=22230 observed=20517 pll=1379 first_ma=-229
[ERROR] REPLAY_ROW n=75 age=10076 raw=[2140, 2167] duty=[2400, 7091, 5109] vdda=4847 bus=11887 forced=22526 observed=21064 pll=1457 first_ma=-235
[ERROR] REPLAY_ROW n=76 age=10077 raw=[2140, 2167] duty=[2400, 6964, 5176] vdda=4847 bus=11912 forced=22822 observed=21598 pll=1359 first_ma=-241
[ERROR] REPLAY_ROW n=77 age=10078 raw=[2140, 2168] duty=[2400, 6820, 5252] vdda=4852 bus=11912 forced=23118 observed=22142 pll=1405 first_ma=-246
[ERROR] REPLAY_ROW n=78 age=10079 raw=[2141, 2168] duty=[2400, 6668, 5316] vdda=4852 bus=11912 forced=23413 observed=22671 pll=1305 first_ma=-262
[ERROR] REPLAY_ROW n=79 age=10080 raw=[2140, 2168] duty=[2400, 6511, 5395] vdda=4852 bus=11912 forced=23709 observed=23176 pll=1136 first_ma=-258
[ERROR] REPLAY_STATE_A end=1 previous_current=[-258, 302] emf_q8=[-193352, -147317] raw_emf=[-763, -683]
[ERROR] REPLAY_STATE_B end=1 phase=1455946822 speed=21136790 magnitude=950 error=1136 open_phase=1553847207 corrected=23176 tracking=1
[ERROR] REPLAY_END records=80 complete=true; seed before first captured OpenLoop input, terminal after last observer update; angles65536/turn, duty96ticks/us, currentsmA, voltagemV
