[INFO ] 07-sensorless-foc: boot HCLK=96000000Hz PCLK=96000000Hz RTT=nonblocking
[INFO ] Flash wait=3 prefetch=false->true cache=false->true (readback verified)
[INFO ] BGR factory @0x001007D2 u16 mV: before_accel=1192 after_accel=17969 selected=before_accel
[INFO ] PWM=4000Hz ADC1=48000000Hz ADC2=12000000Hz; bench auto-start once at 3s, stop at 11s; PA3 cancels pending auto-start
[INFO ] Battery=3S cell_uv=3300mV bus_uv=9900mV bus_ov=16000mV (configured, no auto-detect)
[ERROR] 07 fault=8 state=7 frame=17253 armed=false bus=11900mV vdda=4847mV offset=2135 raw=[2148, 2156]; PWM/ADC triggers stopped
[INFO ] RUN_RESULT fault=8 state_before=5 state_age=239 speed=5539mHz emf=100mV dq=[243, 111] target=[207, 132]; state 4=OpenLoop 5=Blend 6=ClosedLoop, outputs stopped
[ERROR] HANDOFF state_before=5 age=239 reject=230 good=80/80 best=80 forced=8710mHz pll=5539mHz angle_forced=40358 observer=58563 delta=18205 pll_error=32767; angle units=65536/turn
[ERROR] HANDOFF_HISTORY eligible_frames=445 reject_counts_bits1_to128=[0, 281, 198, 0, 0, 193, 77, 61] last_reject=4 age=4114 delta=-5716 pll_error=2440; counts overlap, OpenLoop forced speed >= handoff minimum, including ramp
[ERROR] HANDOFF_COHERENCE plateau_delta_min_max=[-26181, 1209] mean=-7416 pll_peak=32767 over10deg=203 window_delta=[-6192, -3458] pll_mean_square=737792 last_window_frames=5 delta=[-6429, -5716] pll_mean_square=3820288 outliers=3; angle units65536/turn, mean_square units angle_squared
[ERROR] OBSERVER raw_unclamped_ab=[24, -82] filtered_ab=[88, 50] magnitude=100mV min=500mV; phase=[248, -198, -50]mA previous_dq=[243, 111] previous_target=[207, 132]mA previous_vdq=[841, 679]mV vlimit=2360mV
[ERROR] HANDOFF reject bits: 1=no_track 2=low_emf 4=pll_peak_rms_burst_count 8=reverse_or_zero 16=overspeed 32=below_handoff_speed 64=load_angle_spread_entry 128=speed_mismatch; applies at OpenLoop timeout, previous_dq/target/vdq are last completed control, not applied PWM
[ERROR] ADC sample=0 reason=0 entry=0 read=0 raw=0 expected=0..=0 trigger=[0, 0] received=[3122, 3850] previous_end=6872 max_first=281 ticks
[ERROR] ADC reason: 0=other 1=reload_pending 2=extra_sample 3=early 4=late; 96 ticks/us
[ERROR] TIMING site=0 start=0 observed=0 limit=0 reload=false samples=0 state_before=5 armed_before=true max_update=419 max_control=12305 ticks elapsed_min=0 stage=3
[ERROR] CONTROL stages supply/reconstruct/interval/control/modulate: last=[1220, 905, 897, 0, 0] max=[1445, 1202, 925, 6628, 3172] ticks; max excludes wrapping/late stage; elapsed_min is a lower bound when reload=true
[ERROR] TIMING site: 0=none 1=reload_entry 2=preload_end 3=arm_end 4=control_checkpoint 5=control_dt (12000..=36000); 96 ticks/us
[ERROR] REPLAY_BEGIN version=5 model=d698a199cd1895b04573696e4a5051106b15667518d2e723f6c7776a5b358ec6 phase=Blend observer_updates=80 age_stage=post_control start_age=1 seed_age=0 nominal_start_us=250 records=80 complete=true period_frames=1 nominal_period_us=250; first Blend frames after handoff
[ERROR] REPLAY_MOTOR previous_duty=[3360, 2400, 7345] previous_bus=11887 offset=2135; duties active, vdda before ADC2 update, bus after update
[ERROR] REPLAY_STATE_A end=0 previous_current=[-195, -188] emf_q8=[93930, -165210] raw_emf=[412, -621]
[ERROR] REPLAY_STATE_B end=0 phase=2387334158 speed=10413146 magnitude=742 error=1862 open_phase=2644905974 corrected=36900 tracking=1
[ERROR] REPLAY_ROW n=0 age=1 raw=[2137, 2158] duty=[3387, 2400, 7288] vdda=4847 bus=11887 forced=40358 observed=37224 pll=2081 first_ma=-67
[ERROR] REPLAY_ROW n=1 age=2 raw=[2137, 2159] duty=[3573, 2400, 7410] vdda=4847 bus=11887 forced=40358 observed=37562 pll=2228 first_ma=-82
[ERROR] REPLAY_ROW n=2 age=3 raw=[2137, 2161] duty=[3749, 2400, 7423] vdda=4847 bus=11912 forced=40358 observed=37930 pll=2594 first_ma=-97
[ERROR] REPLAY_ROW n=3 age=4 raw=[2140, 2162] duty=[3918, 2400, 7422] vdda=4852 bus=11912 forced=40358 observed=38291 pll=2502 first_ma=-145
[ERROR] REPLAY_ROW n=4 age=5 raw=[2139, 2163] duty=[4105, 2400, 7392] vdda=4852 bus=11912 forced=40358 observed=38672 pll=2739 first_ma=-149
[ERROR] REPLAY_ROW n=5 age=6 raw=[2140, 2163] duty=[4205, 2400, 7321] vdda=4852 bus=11912 forced=40358 observed=39048 pll=2683 first_ma=-168
[ERROR] REPLAY_ROW n=6 age=7 raw=[2138, 2163] duty=[4366, 2400, 7262] vdda=4852 bus=11900 forced=40358 observed=39427 pll=2687 first_ma=-158
[ERROR] REPLAY_ROW n=7 age=8 raw=[2140, 2164] duty=[4491, 2400, 7192] vdda=4847 bus=11900 forced=40358 observed=39814 pll=2782 first_ma=-189
[ERROR] REPLAY_ROW n=8 age=9 raw=[2140, 2166] duty=[4663, 2400, 7149] vdda=4847 bus=11900 forced=40358 observed=40234 pll=3185 first_ma=-203
[ERROR] REPLAY_ROW n=9 age=10 raw=[2141, 2166] duty=[4769, 2400, 7042] vdda=4847 bus=11900 forced=40358 observed=40656 pll=3186 first_ma=-222
[ERROR] REPLAY_ROW n=10 age=11 raw=[2142, 2168] duty=[4922, 2400, 6919] vdda=4847 bus=11900 forced=40358 observed=41113 pll=3620 first_ma=-244
[ERROR] REPLAY_ROW n=11 age=12 raw=[2142, 2168] duty=[5031, 2400, 6786] vdda=4847 bus=11900 forced=40358 observed=41574 pll=3661 first_ma=-253
[ERROR] REPLAY_ROW n=12 age=13 raw=[2141, 2168] duty=[5158, 2400, 6610] vdda=4847 bus=11900 forced=40358 observed=42032 pll=3595 first_ma=-253
[ERROR] REPLAY_ROW n=13 age=14 raw=[2142, 2168] duty=[5273, 2400, 6441] vdda=4847 bus=11900 forced=40358 observed=42489 pll=3564 first_ma=-271
[ERROR] REPLAY_ROW n=14 age=15 raw=[2143, 2169] duty=[5394, 2400, 6354] vdda=4847 bus=11900 forced=40358 observed=42961 pll=3745 first_ma=-292
[ERROR] REPLAY_ROW n=15 age=16 raw=[2144, 2169] duty=[5474, 2400, 6434] vdda=4847 bus=11900 forced=40358 observed=43434 pll=3734 first_ma=-309
[ERROR] REPLAY_ROW n=16 age=17 raw=[2144, 2136] duty=[6355, 2400, 5395] vdda=4847 bus=11900 forced=40358 observed=43825 pll=2707 first_ma=-304
[ERROR] REPLAY_ROW n=17 age=18 raw=[2144, 2162] duty=[4787, 2400, 5747] vdda=4847 bus=11900 forced=40358 observed=44243 pll=3100 first_ma=-259
[ERROR] REPLAY_ROW n=18 age=19 raw=[2142, 2137] duty=[6327, 2400, 5367] vdda=4847 bus=11913 forced=40358 observed=44597 pll=2111 first_ma=-281
[ERROR] REPLAY_ROW n=19 age=20 raw=[2144, 2163] duty=[4866, 2400, 5826] vdda=4847 bus=11913 forced=40358 observed=44999 pll=2878 first_ma=-265
[ERROR] REPLAY_ROW n=20 age=21 raw=[2144, 2136] duty=[5746, 2400, 4786] vdda=4847 bus=11913 forced=40358 observed=45343 pll=2036 first_ma=-260
[ERROR] REPLAY_ROW n=21 age=22 raw=[2144, 2140] duty=[6002, 2400, 5042] vdda=4847 bus=11913 forced=40358 observed=45671 pll=1800 first_ma=-280
[ERROR] REPLAY_ROW n=22 age=23 raw=[2144, 2140] duty=[5936, 2400, 4976] vdda=4847 bus=11900 forced=40358 observed=45982 pll=1630 first_ma=-276
[ERROR] REPLAY_ROW n=23 age=24 raw=[2144, 2141] duty=[5831, 2400, 4871] vdda=4847 bus=11900 forced=40358 observed=46261 pll=1221 first_ma=-268
[ERROR] REPLAY_ROW n=24 age=25 raw=[2144, 2163] duty=[4675, 2400, 5635] vdda=4847 bus=11900 forced=40358 observed=46631 pll=2358 first_ma=-253
[ERROR] REPLAY_ROW n=25 age=26 raw=[2142, 2135] duty=[5566, 2400, 3839] vdda=4847 bus=11900 forced=40358 observed=46835 pll=353 first_ma=-164
[ERROR] REPLAY_ROW n=26 age=27 raw=[2142, 2140] duty=[5724, 2400, 4464] vdda=4847 bus=11900 forced=40358 observed=47062 pll=418 first_ma=-214
[ERROR] REPLAY_ROW n=27 age=28 raw=[2144, 2141] duty=[5789, 2400, 4599] vdda=4847 bus=11900 forced=40358 observed=47299 pll=653 first_ma=-247
[ERROR] REPLAY_ROW n=28 age=29 raw=[2144, 2141] duty=[5741, 2400, 4551] vdda=4847 bus=11900 forced=40358 observed=47519 pll=447 first_ma=-244
[ERROR] REPLAY_ROW n=29 age=30 raw=[2144, 2142] duty=[5706, 2400, 4458] vdda=4847 bus=11900 forced=40358 observed=47710 pll=74 first_ma=-237
[ERROR] REPLAY_ROW n=30 age=31 raw=[2144, 2142] duty=[5698, 2400, 4405] vdda=4847 bus=11900 forced=40358 observed=47886 pll=-124 first_ma=-233
[ERROR] REPLAY_ROW n=31 age=32 raw=[2145, 2142] duty=[5688, 2400, 4385] vdda=4847 bus=11900 forced=40358 observed=48077 pll=74 first_ma=-243
[ERROR] REPLAY_ROW n=32 age=33 raw=[2145, 2142] duty=[5684, 2400, 4359] vdda=4847 bus=11900 forced=40358 observed=48266 pll=36 first_ma=-241
[ERROR] REPLAY_ROW n=33 age=34 raw=[2145, 2143] duty=[5670, 2400, 4301] vdda=4847 bus=11900 forced=40358 observed=48433 pll=-233 first_ma=-237
[ERROR] REPLAY_ROW n=34 age=35 raw=[2145, 2144] duty=[5666, 2400, 4263] vdda=4847 bus=11900 forced=40358 observed=48571 pll=-594 first_ma=-234
[ERROR] REPLAY_ROW n=35 age=36 raw=[2145, 2142] duty=[5654, 2400, 4245] vdda=4847 bus=11900 forced=40358 observed=48737 pll=-248 first_ma=-233
[ERROR] REPLAY_ROW n=36 age=37 raw=[2145, 2144] duty=[5632, 2400, 4237] vdda=4847 bus=11900 forced=40358 observed=48862 pll=-764 first_ma=-232
[ERROR] REPLAY_ROW n=37 age=38 raw=[2146, 2144] duty=[5655, 2400, 4196] vdda=4847 bus=11900 forced=40358 observed=48999 pll=-595 first_ma=-240
[ERROR] REPLAY_ROW n=38 age=39 raw=[2146, 2144] duty=[5627, 2400, 4198] vdda=4847 bus=11913 forced=40358 observed=49143 pll=-525 first_ma=-241
[ERROR] REPLAY_ROW n=39 age=40 raw=[2146, 2144] duty=[5615, 2400, 4167] vdda=4847 bus=11913 forced=40358 observed=49282 pll=-562 first_ma=-239
[ERROR] REPLAY_ROW n=40 age=41 raw=[2147, 2144] duty=[5600, 2400, 4135] vdda=4847 bus=11913 forced=40358 observed=49453 pll=-167 first_ma=-248
[ERROR] REPLAY_ROW n=41 age=42 raw=[2146, 2144] duty=[5594, 2400, 4117] vdda=4847 bus=11913 forced=40358 observed=49595 pll=-535 first_ma=-235
[ERROR] REPLAY_ROW n=42 age=43 raw=[2146, 2144] duty=[5574, 2400, 4065] vdda=4847 bus=11912 forced=40358 observed=49724 pll=-686 first_ma=-231
[ERROR] REPLAY_ROW n=43 age=44 raw=[2147, 2144] duty=[5576, 2400, 4057] vdda=4852 bus=11912 forced=40358 observed=49885 pll=-295 first_ma=-242
[ERROR] REPLAY_ROW n=44 age=45 raw=[2147, 2144] duty=[5570, 2400, 4045] vdda=4852 bus=11912 forced=40358 observed=50046 pll=-283 first_ma=-241
[ERROR] REPLAY_ROW n=45 age=46 raw=[2147, 2145] duty=[5550, 2400, 3993] vdda=4852 bus=11912 forced=40358 observed=50189 pll=-509 first_ma=-237
[ERROR] REPLAY_ROW n=46 age=47 raw=[2147, 2145] duty=[5544, 2400, 3957] vdda=4852 bus=11912 forced=40358 observed=50325 pll=-604 first_ma=-234
[ERROR] REPLAY_ROW n=47 age=48 raw=[2147, 2145] duty=[5524, 2400, 3941] vdda=4852 bus=11912 forced=40358 observed=50457 pll=-643 first_ma=-233
[ERROR] REPLAY_ROW n=48 age=49 raw=[2147, 2145] duty=[5512, 2400, 3929] vdda=4852 bus=11912 forced=40358 observed=50584 pll=-701 first_ma=-232
[ERROR] REPLAY_ROW n=49 age=50 raw=[2147, 2145] duty=[5500, 2400, 3911] vdda=4852 bus=11912 forced=40358 observed=50709 pll=-727 first_ma=-231
[ERROR] REPLAY_ROW n=50 age=51 raw=[2147, 2145] duty=[5490, 2400, 3897] vdda=4852 bus=11900 forced=40358 observed=50828 pll=-800 first_ma=-230
[ERROR] REPLAY_ROW n=51 age=52 raw=[2148, 2145] duty=[5478, 2400, 3885] vdda=4847 bus=11900 forced=40358 observed=50975 pll=-441 first_ma=-239
[ERROR] REPLAY_ROW n=52 age=53 raw=[2147, 2145] duty=[5470, 2400, 3872] vdda=4847 bus=11900 forced=40358 observed=51095 pll=-783 first_ma=-228
[ERROR] REPLAY_ROW n=53 age=54 raw=[2148, 2146] duty=[5448, 2400, 3828] vdda=4847 bus=11900 forced=40358 observed=51223 pll=-675 first_ma=-235
[ERROR] REPLAY_ROW n=54 age=55 raw=[2147, 2146] duty=[5442, 2400, 3828] vdda=4847 bus=11912 forced=40358 observed=51312 pll=-1162 first_ma=-224
[ERROR] REPLAY_ROW n=55 age=56 raw=[2148, 2146] duty=[5412, 2400, 3810] vdda=4852 bus=11912 forced=40358 observed=51433 pll=-766 first_ma=-234
[ERROR] REPLAY_ROW n=56 age=57 raw=[2147, 2146] duty=[5405, 2400, 3824] vdda=4852 bus=11912 forced=40358 observed=51511 pll=-1296 first_ma=-224
[ERROR] REPLAY_ROW n=57 age=58 raw=[2149, 2147] duty=[5373, 2400, 3796] vdda=4852 bus=11912 forced=40358 observed=51645 pll=-570 first_ma=-244
[ERROR] REPLAY_ROW n=58 age=59 raw=[2148, 2147] duty=[5363, 2400, 3812] vdda=4852 bus=11900 forced=40358 observed=51751 pll=-943 first_ma=-235
[ERROR] REPLAY_ROW n=59 age=60 raw=[2148, 2147] duty=[5316, 2400, 3774] vdda=4847 bus=11900 forced=40358 observed=51838 pll=-1165 first_ma=-231
[ERROR] REPLAY_ROW n=60 age=61 raw=[2149, 2147] duty=[5295, 2400, 3781] vdda=4847 bus=11900 forced=40358 observed=51972 pll=-567 first_ma=-243
[ERROR] REPLAY_ROW n=61 age=62 raw=[2148, 2147] duty=[5269, 2400, 3783] vdda=4847 bus=11900 forced=40358 observed=52064 pll=-1098 first_ma=-232
[ERROR] REPLAY_ROW n=62 age=63 raw=[2148, 2147] duty=[5233, 2400, 3747] vdda=4847 bus=11900 forced=40358 observed=52146 pll=-1219 first_ma=-229
[ERROR] REPLAY_ROW n=63 age=64 raw=[2148, 2147] duty=[5212, 2400, 3761] vdda=4847 bus=11900 forced=40358 observed=52223 pll=-1275 first_ma=-230
[ERROR] REPLAY_ROW n=64 age=65 raw=[2149, 2147] duty=[5188, 2400, 3767] vdda=4847 bus=11900 forced=40358 observed=52353 pll=-605 first_ma=-242
[ERROR] REPLAY_ROW n=65 age=66 raw=[2148, 2147] duty=[5164, 2400, 3773] vdda=4847 bus=11900 forced=40358 observed=52432 pll=-1238 first_ma=-231
[ERROR] REPLAY_ROW n=66 age=67 raw=[2149, 2148] duty=[5128, 2400, 3743] vdda=4847 bus=11900 forced=40358 observed=52538 pll=-888 first_ma=-240
[ERROR] REPLAY_ROW n=67 age=68 raw=[2149, 2148] duty=[5108, 2400, 3751] vdda=4847 bus=11900 forced=40358 observed=52657 pll=-729 first_ma=-241
[ERROR] REPLAY_ROW n=68 age=69 raw=[2148, 2148] duty=[5064, 2400, 3741] vdda=4847 bus=11900 forced=40358 observed=52719 pll=-1443 first_ma=-229
[ERROR] REPLAY_ROW n=69 age=70 raw=[2149, 2149] duty=[5035, 2400, 3727] vdda=4847 bus=11900 forced=40358 observed=52802 pll=-1172 first_ma=-239
[ERROR] REPLAY_ROW n=70 age=71 raw=[2147, 2149] duty=[5013, 2400, 3749] vdda=4847 bus=11899 forced=40358 observed=52729 pll=-3137 first_ma=-219
[ERROR] REPLAY_ROW n=71 age=72 raw=[2149, 2149] duty=[4964, 2400, 3742] vdda=4852 bus=11899 forced=40358 observed=52772 pll=-1645 first_ma=-240
[ERROR] REPLAY_ROW n=72 age=73 raw=[2148, 2149] duty=[4945, 2400, 3823] vdda=4852 bus=11899 forced=40358 observed=52769 pll=-2245 first_ma=-237
[ERROR] REPLAY_ROW n=73 age=74 raw=[2149, 2149] duty=[4900, 2400, 3812] vdda=4852 bus=11899 forced=40358 observed=52825 pll=-1469 first_ma=-246
[ERROR] REPLAY_ROW n=74 age=75 raw=[2149, 2150] duty=[4863, 2400, 3837] vdda=4852 bus=11900 forced=40358 observed=52861 pll=-1712 first_ma=-249
[ERROR] REPLAY_ROW n=75 age=76 raw=[2148, 2150] duty=[4821, 2400, 3831] vdda=4847 bus=11900 forced=40358 observed=53032 pll=32767 first_ma=-237
[ERROR] REPLAY_ROW n=76 age=77 raw=[2149, 2150] duty=[4803, 2400, 3843] vdda=4847 bus=11900 forced=40358 observed=53204 pll=32767 first_ma=-249
[ERROR] REPLAY_ROW n=77 age=78 raw=[2148, 2150] duty=[4809, 2400, 3849] vdda=4847 bus=11900 forced=40358 observed=53375 pll=32767 first_ma=-238
[ERROR] REPLAY_ROW n=78 age=79 raw=[2149, 2150] duty=[4773, 2400, 3813] vdda=4847 bus=11913 forced=40358 observed=53547 pll=32767 first_ma=-247
[ERROR] REPLAY_ROW n=79 age=80 raw=[2148, 2150] duty=[4775, 2400, 3815] vdda=4847 bus=11913 forced=40358 observed=53718 pll=32767 first_ma=-236
[ERROR] REPLAY_STATE_A end=1 previous_current=[177, -171] emf_q8=[20134, -3501] raw_emf=[60, -55]
[ERROR] REPLAY_STATE_B end=1 phase=3487055428 speed=11233206 magnitude=78 error=32767 open_phase=2644905974 corrected=53718 tracking=1
[ERROR] REPLAY_END records=80 complete=true; seed before first captured Blend input, terminal after last observer update; angles65536/turn, duty96ticks/us, currentsmA, voltagemV
